11:15:59 **** Incremental Build of configuration Debug for project SW_LED ****
make -j12 all 
arm-none-eabi-gcc "../Core/Src/main.c" -mcpu=cortex-m3 -std=gnu11 -g3 -DDEBUG -DUSE_HAL_DRIVER -DSTM32F103xB -c -I../Core/Inc -I../Drivers/STM32F1xx_HAL_Driver/Inc -I../Drivers/STM32F1xx_HAL_Driver/Inc/Legacy -I../Drivers/CMSIS/Device/ST/STM32F1xx/Include -I../Drivers/CMSIS/Include -O0 -ffunction-sections -fdata-sections -Wall -fstack-usage -MMD -MP -MF"Core/Src/main.d" -MT"Core/Src/main.o" --specs=nano.specs -mfloat-abi=soft -mthumb -o "Core/Src/main.o"
arm-none-eabi-gcc -o "SW_LED.elf" @"objects.list"   -mcpu=cortex-m3 -T"C:\ST\workspace\SW_LED\STM32F103RBTX_FLASH.ld" --specs=nosys.specs -Wl,-Map="SW_LED.map" -Wl,--gc-sections -static --specs=nano.specs -mfloat-abi=soft -mthumb -Wl,--start-group -lc -lm -Wl,--end-group
Finished building target: SW_LED.elf
 
arm-none-eabi-size   SW_LED.elf 
arm-none-eabi-objdump -h -S  SW_LED.elf  > "SW_LED.list"
   text	   data	    bss	    dec	    hex	filename
   6164	     84	   1636	   7884	   1ecc	SW_LED.elf
Finished building: default.size.stdout
 
Finished building: SW_LED.list
 

11:15:59 Build Finished. 0 errors, 0 warnings. (took 907ms)

