12:29:07 **** Incremental Build of configuration Debug for project SW_LED_R ****
make -j12 all 
arm-none-eabi-gcc "../Core/Src/main.c" -mcpu=cortex-m3 -std=gnu11 -g3 -DDEBUG -DUSE_HAL_DRIVER -DSTM32F103xB -c -I../Core/Inc -I../Drivers/STM32F1xx_HAL_Driver/Inc -I../Drivers/STM32F1xx_HAL_Driver/Inc/Legacy -I../Drivers/CMSIS/Device/ST/STM32F1xx/Include -I../Drivers/CMSIS/Include -O0 -ffunction-sections -fdata-sections -Wall -fstack-usage -MMD -MP -MF"Core/Src/main.d" -MT"Core/Src/main.o" --specs=nano.specs -mfloat-abi=soft -mthumb -o "Core/Src/main.o"
arm-none-eabi-gcc -o "SW_LED_R.elf" @"objects.list"   -mcpu=cortex-m3 -T"C:\ST\workspace\SW_LED_R\STM32F103RBTX_FLASH.ld" --specs=nosys.specs -Wl,-Map="SW_LED_R.map" -Wl,--gc-sections -static --specs=nano.specs -mfloat-abi=soft -mthumb -Wl,--start-group -lc -lm -Wl,--end-group
Finished building target: SW_LED_R.elf
 
arm-none-eabi-size   SW_LED_R.elf 
arm-none-eabi-objdump -h -S  SW_LED_R.elf  > "SW_LED_R.list"
   text	   data	    bss	    dec	    hex	filename
  11108	    184	   1656	  12948	   3294	SW_LED_R.elf
Finished building: default.size.stdout
 
Finished building: SW_LED_R.list
 

12:29:08 Build Finished. 0 errors, 0 warnings. (took 1s.34ms)

